current directory: /Users/sackle/practice/car-management/vendor/bundle/ruby/3.1.0/gems/date-3.4.1/ext/date
/opt/homebrew/Cellar/rbenv/1.3.2/versions/3.1.6/bin/ruby extconf.rb
checking for rb_category_warn()... yes
checking for timezone in time.h with  -Werror... yes
checking for altzone in time.h with  -Werror... no
creating Makefile

current directory: /Users/sackle/practice/car-management/vendor/bundle/ruby/3.1.0/gems/date-3.4.1/ext/date
make DESTDIR\= sitearchdir\=./.gem.20250303-34812-2su5ua sitelibdir\=./.gem.20250303-34812-2su5ua clean

current directory: /Users/sackle/practice/car-management/vendor/bundle/ruby/3.1.0/gems/date-3.4.1/ext/date
make DESTDIR\= sitearchdir\=./.gem.20250303-34812-2su5ua sitelibdir\=./.gem.20250303-34812-2su5ua
compiling date_core.c
compiling date_parse.c
compiling date_strftime.c
compiling date_strptime.c
linking shared-object date_core.bundle
ld: warning: ignoring duplicate libraries: '-lruby.3.1'

current directory: /Users/sackle/practice/car-management/vendor/bundle/ruby/3.1.0/gems/date-3.4.1/ext/date
make DESTDIR\= sitearchdir\=./.gem.20250303-34812-2su5ua sitelibdir\=./.gem.20250303-34812-2su5ua install
/usr/bin/install -c -m 0755 date_core.bundle ./.gem.20250303-34812-2su5ua

current directory: /Users/sackle/practice/car-management/vendor/bundle/ruby/3.1.0/gems/date-3.4.1/ext/date
make DESTDIR\= sitearchdir\=./.gem.20250303-34812-2su5ua sitelibdir\=./.gem.20250303-34812-2su5ua clean
